// Jest Snapshot v1, https://goo.gl/fbAQLP

exports[`App component renders an App 1`] = `
<BrowserRouter>
  <Header />
  <Route
    component={[Function]}
    path="/red"
  />
  <Route
    component={[Function]}
    path="/yellow"
  />
  <Route
    component={[Function]}
    path="/blue"
  />
</BrowserRouter>
`;
