// Jest Snapshot v1, https://goo.gl/fbAQLP

exports[`Yellow component renders a Yellow 1`] = `
<Fragment>
  <div
    style={
      Object {
        "backgroundColor": "yellow",
        "height": "100vh",
        "width": "100vw",
      }
    }
  />
</Fragment>
`;
